Archive member included because of file (symbol)

d:/altera/13.0sp1/nios2eds/bin/gnu/h-i686-mingw32/bin/../lib/gcc/nios2-elf/4.1.2/mno-hw-mul\libgcc.a(lib2-mul.o)
                              obj/default/functions/my_atoi.o (__mulsi3)
d:/altera/13.0sp1/nios2eds/bin/gnu/h-i686-mingw32/bin/../lib/gcc/nios2-elf/4.1.2/../../../../nios2-elf/lib/mno-hw-mul\libsmallc.a(lib_a-memset.o)
                              obj/default/main.o (memset)
../uart_nios_parameters_bsp/\libhal_bsp.a(alt_getchar.o)
                              obj/default/main.o (alt_getchar)
../uart_nios_parameters_bsp/\libhal_bsp.a(alt_load.o)
                              ../uart_nios_parameters_bsp//obj/HAL/src/crt0.o (alt_load)
../uart_nios_parameters_bsp/\libhal_bsp.a(alt_main.o)
                              ../uart_nios_parameters_bsp//obj/HAL/src/crt0.o (alt_main)
../uart_nios_parameters_bsp/\libhal_bsp.a(alt_putstr.o)
                              obj/default/main.o (alt_putstr)
../uart_nios_parameters_bsp/\libhal_bsp.a(alt_usleep.o)
                              obj/default/main.o (usleep)
../uart_nios_parameters_bsp/\libhal_bsp.a(alt_sys_init.o)
                              ../uart_nios_parameters_bsp/\libhal_bsp.a(alt_main.o) (alt_sys_init)
../uart_nios_parameters_bsp/\libhal_bsp.a(altera_avalon_jtag_uart_read.o)
                              ../uart_nios_parameters_bsp/\libhal_bsp.a(alt_getchar.o) (altera_avalon_jtag_uart_read)
../uart_nios_parameters_bsp/\libhal_bsp.a(altera_avalon_jtag_uart_write.o)
                              ../uart_nios_parameters_bsp/\libhal_bsp.a(alt_putstr.o) (altera_avalon_jtag_uart_write)
../uart_nios_parameters_bsp/\libhal_bsp.a(alt_busy_sleep.o)
                              ../uart_nios_parameters_bsp/\libhal_bsp.a(alt_usleep.o) (alt_busy_sleep)
../uart_nios_parameters_bsp/\libhal_bsp.a(alt_dcache_flush_all.o)
                              ../uart_nios_parameters_bsp/\libhal_bsp.a(alt_load.o) (alt_dcache_flush_all)
../uart_nios_parameters_bsp/\libhal_bsp.a(alt_dev.o)
                              ../uart_nios_parameters_bsp/\libhal_bsp.a(alt_getchar.o) (alt_fd_list)
../uart_nios_parameters_bsp/\libhal_bsp.a(alt_icache_flush_all.o)
                              ../uart_nios_parameters_bsp/\libhal_bsp.a(alt_load.o) (alt_icache_flush_all)
../uart_nios_parameters_bsp/\libhal_bsp.a(altera_nios2_qsys_irq.o)
                              ../uart_nios_parameters_bsp/\libhal_bsp.a(alt_sys_init.o) (altera_nios2_qsys_irq_init)
d:/altera/13.0sp1/nios2eds/bin/gnu/h-i686-mingw32/bin/../lib/gcc/nios2-elf/4.1.2/../../../../nios2-elf/lib/mno-hw-mul\libsmallc.a(lib_a-strlen.o)
                              ../uart_nios_parameters_bsp/\libhal_bsp.a(alt_putstr.o) (strlen)
d:/altera/13.0sp1/nios2eds/bin/gnu/h-i686-mingw32/bin/../lib/gcc/nios2-elf/4.1.2/mno-hw-mul\libgcc.a(lib2-divmod.o)
                              ../uart_nios_parameters_bsp/\libhal_bsp.a(alt_busy_sleep.o) (__udivsi3)

Memory Configuration

Name             Origin             Length             Attributes
reset            0x01000000         0x00000020
ONCHIP_RAM       0x01000020         0x00000fe0
*default*        0x00000000         0xffffffff

Linker script and memory map

LOAD ../uart_nios_parameters_bsp//obj/HAL/src/crt0.o
                0x0100000c                exit = _exit
LOAD obj/default/functions/my_atoi.o
LOAD obj/default/main.o
LOAD d:/altera/13.0sp1/nios2eds/bin/gnu/h-i686-mingw32/bin/../lib/gcc/nios2-elf/4.1.2/../../../../nios2-elf/lib/mno-hw-mul\libstdc++.a
LOAD d:/altera/13.0sp1/nios2eds/bin/gnu/h-i686-mingw32/bin/../lib/gcc/nios2-elf/4.1.2/../../../../nios2-elf/lib/mno-hw-mul\libm.a
LOAD d:/altera/13.0sp1/nios2eds/bin/gnu/h-i686-mingw32/bin/../lib/gcc/nios2-elf/4.1.2/mno-hw-mul\libgcc.a
START GROUP
LOAD d:/altera/13.0sp1/nios2eds/bin/gnu/h-i686-mingw32/bin/../lib/gcc/nios2-elf/4.1.2/../../../../nios2-elf/lib/mno-hw-mul\libsmallc.a
LOAD d:/altera/13.0sp1/nios2eds/bin/gnu/h-i686-mingw32/bin/../lib/gcc/nios2-elf/4.1.2/mno-hw-mul\libgcc.a
LOAD ../uart_nios_parameters_bsp/\libhal_bsp.a
END GROUP
LOAD d:/altera/13.0sp1/nios2eds/bin/gnu/h-i686-mingw32/bin/../lib/gcc/nios2-elf/4.1.2/mno-hw-mul\libgcc.a
                0x01000000                __alt_mem_ONCHIP_RAM = 0x1000000

.entry          0x01000000       0x20
 *(.entry)
 .entry         0x01000000       0x20 ../uart_nios_parameters_bsp//obj/HAL/src/crt0.o
                0x01000000                __reset
                0x0100000c                _exit

.exceptions     0x01000020        0x0
                0x01000020                PROVIDE (__ram_exceptions_start, ABSOLUTE (.))
                0x01000020                . = ALIGN (0x20)
 *(.irq)
 *(.exceptions.entry.label)
 *(.exceptions.entry.user)
 *(.exceptions.entry)
 *(.exceptions.irqtest.user)
 *(.exceptions.irqtest)
 *(.exceptions.irqhandler.user)
 *(.exceptions.irqhandler)
 *(.exceptions.irqreturn.user)
 *(.exceptions.irqreturn)
 *(.exceptions.notirq.label)
 *(.exceptions.notirq.user)
 *(.exceptions.notirq)
 *(.exceptions.soft.user)
 *(.exceptions.soft)
 *(.exceptions.unknown.user)
 *(.exceptions.unknown)
 *(.exceptions.exit.label)
 *(.exceptions.exit.user)
 *(.exceptions.exit)
 *(.exceptions)
                0x01000020                PROVIDE (__ram_exceptions_end, ABSOLUTE (.))
                0x01000020                PROVIDE (__flash_exceptions_start, LOADADDR (.exceptions))

.text           0x01000020      0x5d0
                0x01000020                PROVIDE (stext, ABSOLUTE (.))
 *(.interp)
 *(.hash)
 *(.dynsym)
 *(.dynstr)
 *(.gnu.version)
 *(.gnu.version_d)
 *(.gnu.version_r)
 *(.rel.init)
 *(.rela.init)
 *(.rel.text .rel.text.* .rel.gnu.linkonce.t.*)
 *(.rela.text .rela.text.* .rela.gnu.linkonce.t.*)
 *(.rel.fini)
 *(.rela.fini)
 *(.rel.rodata .rel.rodata.* .rel.gnu.linkonce.r.*)
 *(.rela.rodata .rela.rodata.* .rela.gnu.linkonce.r.*)
 *(.rel.data .rel.data.* .rel.gnu.linkonce.d.*)
 *(.rela.data .rela.data.* .rela.gnu.linkonce.d.*)
 *(.rel.tdata .rel.tdata.* .rel.gnu.linkonce.td.*)
 *(.rela.tdata .rela.tdata.* .rela.gnu.linkonce.td.*)
 *(.rel.tbss .rel.tbss.* .rel.gnu.linkonce.tb.*)
 *(.rela.tbss .rela.tbss.* .rela.gnu.linkonce.tb.*)
 *(.rel.ctors)
 *(.rela.ctors)
 *(.rel.dtors)
 *(.rela.dtors)
 *(.rel.got)
 *(.rela.got)
 *(.rel.sdata .rel.sdata.* .rel.gnu.linkonce.s.*)
 *(.rela.sdata .rela.sdata.* .rela.gnu.linkonce.s.*)
 *(.rel.sbss .rel.sbss.* .rel.gnu.linkonce.sb.*)
 *(.rela.sbss .rela.sbss.* .rela.gnu.linkonce.sb.*)
 *(.rel.sdata2 .rel.sdata2.* .rel.gnu.linkonce.s2.*)
 *(.rela.sdata2 .rela.sdata2.* .rela.gnu.linkonce.s2.*)
 *(.rel.sbss2 .rel.sbss2.* .rel.gnu.linkonce.sb2.*)
 *(.rela.sbss2 .rela.sbss2.* .rela.gnu.linkonce.sb2.*)
 *(.rel.bss .rel.bss.* .rel.gnu.linkonce.b.*)
 *(.rela.bss .rela.bss.* .rela.gnu.linkonce.b.*)
 *(.rel.plt)
 *(.rela.plt)
 *(.rel.dyn)
 *(.init)
 *(.plt)
 *(.text .stub .text.* .gnu.linkonce.t.*)
 .text          0x01000020       0x3c ../uart_nios_parameters_bsp//obj/HAL/src/crt0.o
                0x01000020                _start
 .text          0x0100005c       0x58 obj/default/functions/my_atoi.o
                0x0100005c                my_atoi
 .text          0x010000b4       0xe4 obj/default/main.o
                0x010000b4                leer_uart
                0x010000f8                main
 .text          0x01000198       0x38 d:/altera/13.0sp1/nios2eds/bin/gnu/h-i686-mingw32/bin/../lib/gcc/nios2-elf/4.1.2/mno-hw-mul\libgcc.a(lib2-mul.o)
                0x01000198                __mulsi3
 .text          0x010001d0       0x20 d:/altera/13.0sp1/nios2eds/bin/gnu/h-i686-mingw32/bin/../lib/gcc/nios2-elf/4.1.2/../../../../nios2-elf/lib/mno-hw-mul\libsmallc.a(lib_a-memset.o)
                0x010001d0                memset
 .text          0x010001f0       0x44 ../uart_nios_parameters_bsp/\libhal_bsp.a(alt_getchar.o)
                0x010001f0                alt_getchar
 .text          0x01000234       0x8c ../uart_nios_parameters_bsp/\libhal_bsp.a(alt_load.o)
                0x01000254                alt_load
 .text          0x010002c0       0x2c ../uart_nios_parameters_bsp/\libhal_bsp.a(alt_main.o)
                0x010002c0                alt_main
 .text          0x010002ec       0x38 ../uart_nios_parameters_bsp/\libhal_bsp.a(alt_putstr.o)
                0x010002ec                alt_putstr
 .text          0x01000324        0x4 ../uart_nios_parameters_bsp/\libhal_bsp.a(alt_usleep.o)
                0x01000324                usleep
 .text          0x01000328       0x24 ../uart_nios_parameters_bsp/\libhal_bsp.a(alt_sys_init.o)
                0x01000328                alt_sys_init
                0x0100032c                alt_irq_init
 .text          0x0100034c       0x60 ../uart_nios_parameters_bsp/\libhal_bsp.a(altera_avalon_jtag_uart_read.o)
                0x0100034c                altera_avalon_jtag_uart_read
 .text          0x010003ac       0x34 ../uart_nios_parameters_bsp/\libhal_bsp.a(altera_avalon_jtag_uart_write.o)
                0x010003ac                altera_avalon_jtag_uart_write
 .text          0x010003e0       0x8c ../uart_nios_parameters_bsp/\libhal_bsp.a(alt_busy_sleep.o)
                0x010003e0                alt_busy_sleep
 .text          0x0100046c        0x4 ../uart_nios_parameters_bsp/\libhal_bsp.a(alt_dcache_flush_all.o)
                0x0100046c                alt_dcache_flush_all
 .text          0x01000470        0x8 ../uart_nios_parameters_bsp/\libhal_bsp.a(alt_dev.o)
 .text          0x01000478        0x4 ../uart_nios_parameters_bsp/\libhal_bsp.a(alt_icache_flush_all.o)
                0x01000478                alt_icache_flush_all
 .text          0x0100047c        0x8 ../uart_nios_parameters_bsp/\libhal_bsp.a(altera_nios2_qsys_irq.o)
                0x0100047c                altera_nios2_qsys_irq_init
 .text          0x01000484       0x20 d:/altera/13.0sp1/nios2eds/bin/gnu/h-i686-mingw32/bin/../lib/gcc/nios2-elf/4.1.2/../../../../nios2-elf/lib/mno-hw-mul\libsmallc.a(lib_a-strlen.o)
                0x01000484                strlen
 .text          0x010004a4      0x14c d:/altera/13.0sp1/nios2eds/bin/gnu/h-i686-mingw32/bin/../lib/gcc/nios2-elf/4.1.2/mno-hw-mul\libgcc.a(lib2-divmod.o)
                0x01000520                __divsi3
                0x01000580                __modsi3
                0x010005e0                __udivsi3
                0x010005e8                __umodsi3
 *(.gnu.warning.*)
 *(.fini)
                0x010005f0                PROVIDE (__etext, ABSOLUTE (.))
                0x010005f0                PROVIDE (_etext, ABSOLUTE (.))
                0x010005f0                PROVIDE (etext, ABSOLUTE (.))
 *(.eh_frame_hdr)
                0x010005f0                . = ALIGN (0x4)
                0x010005f0                PROVIDE (__preinit_array_start, ABSOLUTE (.))
 *(.preinit_array)
                0x010005f0                PROVIDE (__preinit_array_end, ABSOLUTE (.))
                0x010005f0                PROVIDE (__init_array_start, ABSOLUTE (.))
 *(.init_array)
                0x010005f0                PROVIDE (__init_array_end, ABSOLUTE (.))
                0x010005f0                PROVIDE (__fini_array_start, ABSOLUTE (.))
 *(.fini_array)
                0x010005f0                PROVIDE (__fini_array_end, ABSOLUTE (.))
 *(.eh_frame)
 *(.gcc_except_table)
 *(.dynamic)
                0x010005f0                PROVIDE (__CTOR_LIST__, ABSOLUTE (.))
 *(.ctors)
 *(SORT(.ctors.*))
                0x010005f0                PROVIDE (__CTOR_END__, ABSOLUTE (.))
                0x010005f0                PROVIDE (__DTOR_LIST__, ABSOLUTE (.))
 *(.dtors)
 *(SORT(.dtors.*))
                0x010005f0                PROVIDE (__DTOR_END__, ABSOLUTE (.))
 *(.jcr)
                0x010005f0                . = ALIGN (0x4)

.rodata         0x010005f0       0x40
                0x010005f0                PROVIDE (__ram_rodata_start, ABSOLUTE (.))
                0x010005f0                . = ALIGN (0x4)
 *(.rodata .rodata.* .gnu.linkonce.r.*)
 .rodata.str1.4
                0x010005f0       0x32 obj/default/main.o
                                 0x38 (size before relaxing)
 *fill*         0x01000622        0x2 00
 .rodata.str1.4
                0x01000624        0xc ../uart_nios_parameters_bsp/\libhal_bsp.a(alt_dev.o)
 *(.rodata1)
                0x01000630                . = ALIGN (0x4)
                0x01000630                PROVIDE (__ram_rodata_end, ABSOLUTE (.))
                0x010005f0                PROVIDE (__flash_rodata_start, LOADADDR (.rodata))

.rwdata         0x01000630       0x70 load address 0x010006a0
                0x01000630                PROVIDE (__ram_rwdata_start, ABSOLUTE (.))
                0x01000630                . = ALIGN (0x4)
 *(.got.plt)
 *(.got)
 *(.data1)
 *(.data .data.* .gnu.linkonce.d.*)
 .data          0x01000630        0x0 ../uart_nios_parameters_bsp//obj/HAL/src/crt0.o
 .data          0x01000630        0x0 obj/default/functions/my_atoi.o
 .data          0x01000630        0x0 obj/default/main.o
 .data          0x01000630        0x0 d:/altera/13.0sp1/nios2eds/bin/gnu/h-i686-mingw32/bin/../lib/gcc/nios2-elf/4.1.2/mno-hw-mul\libgcc.a(lib2-mul.o)
 .data          0x01000630        0x0 d:/altera/13.0sp1/nios2eds/bin/gnu/h-i686-mingw32/bin/../lib/gcc/nios2-elf/4.1.2/../../../../nios2-elf/lib/mno-hw-mul\libsmallc.a(lib_a-memset.o)
 .data          0x01000630        0x0 ../uart_nios_parameters_bsp/\libhal_bsp.a(alt_getchar.o)
 .data          0x01000630        0x0 ../uart_nios_parameters_bsp/\libhal_bsp.a(alt_load.o)
 .data          0x01000630        0x0 ../uart_nios_parameters_bsp/\libhal_bsp.a(alt_main.o)
 .data          0x01000630        0x0 ../uart_nios_parameters_bsp/\libhal_bsp.a(alt_putstr.o)
 .data          0x01000630        0x0 ../uart_nios_parameters_bsp/\libhal_bsp.a(alt_usleep.o)
 .data          0x01000630        0x0 ../uart_nios_parameters_bsp/\libhal_bsp.a(alt_sys_init.o)
 .data          0x01000630        0x0 ../uart_nios_parameters_bsp/\libhal_bsp.a(altera_avalon_jtag_uart_read.o)
 .data          0x01000630        0x0 ../uart_nios_parameters_bsp/\libhal_bsp.a(altera_avalon_jtag_uart_write.o)
 .data          0x01000630        0x0 ../uart_nios_parameters_bsp/\libhal_bsp.a(alt_busy_sleep.o)
 .data          0x01000630        0x0 ../uart_nios_parameters_bsp/\libhal_bsp.a(alt_dcache_flush_all.o)
 .data          0x01000630       0x58 ../uart_nios_parameters_bsp/\libhal_bsp.a(alt_dev.o)
                0x01000630                alt_dev_null
                0x01000658                alt_fd_list
 .data          0x01000688        0x0 ../uart_nios_parameters_bsp/\libhal_bsp.a(alt_icache_flush_all.o)
 .data          0x01000688        0x0 ../uart_nios_parameters_bsp/\libhal_bsp.a(altera_nios2_qsys_irq.o)
 .data          0x01000688        0x0 d:/altera/13.0sp1/nios2eds/bin/gnu/h-i686-mingw32/bin/../lib/gcc/nios2-elf/4.1.2/../../../../nios2-elf/lib/mno-hw-mul\libsmallc.a(lib_a-strlen.o)
 .data          0x01000688        0x0 d:/altera/13.0sp1/nios2eds/bin/gnu/h-i686-mingw32/bin/../lib/gcc/nios2-elf/4.1.2/mno-hw-mul\libgcc.a(lib2-divmod.o)
                0x01008688                _gp = ABSOLUTE ((. + 0x8000))
                0x01008688                PROVIDE (gp, _gp)
 *(.rwdata .rwdata.*)
 *(.sdata .sdata.* .gnu.linkonce.s.*)
 .sdata         0x01000688        0x4 ../uart_nios_parameters_bsp/\libhal_bsp.a(alt_sys_init.o)
                0x01000688                JTAG_UART
 .sdata         0x0100068c       0x14 ../uart_nios_parameters_bsp/\libhal_bsp.a(alt_dev.o)
                0x0100068c                alt_fs_list
                0x01000694                alt_dev_list
                0x0100069c                alt_max_fd
 *(.sdata2 .sdata2.* .gnu.linkonce.s2.*)
                0x010006a0                . = ALIGN (0x4)
                0x010006a0                _edata = ABSOLUTE (.)
                0x010006a0                PROVIDE (edata, ABSOLUTE (.))
                0x010006a0                PROVIDE (__ram_rwdata_end, ABSOLUTE (.))
                0x010006a0                PROVIDE (__flash_rwdata_start, LOADADDR (.rwdata))

.bss            0x01000710        0xc
                0x01000710                __bss_start = ABSOLUTE (.)
                0x01000710                PROVIDE (__sbss_start, ABSOLUTE (.))
                0x01000710                PROVIDE (___sbss_start, ABSOLUTE (.))
 *(.dynsbss)
 *(.sbss .sbss.* .gnu.linkonce.sb.*)
 .sbss          0x01000710        0xc ../uart_nios_parameters_bsp/\libhal_bsp.a(alt_main.o)
                0x01000710                alt_argc
                0x01000714                alt_argv
                0x01000718                alt_envp
 *(.sbss2 .sbss2.* .gnu.linkonce.sb2.*)
 *(.scommon)
                0x0100071c                PROVIDE (__sbss_end, ABSOLUTE (.))
                0x0100071c                PROVIDE (___sbss_end, ABSOLUTE (.))
 *(.dynbss)
 *(.bss .bss.* .gnu.linkonce.b.*)
 .bss           0x0100071c        0x0 ../uart_nios_parameters_bsp//obj/HAL/src/crt0.o
 .bss           0x0100071c        0x0 obj/default/functions/my_atoi.o
 .bss           0x0100071c        0x0 obj/default/main.o
 .bss           0x0100071c        0x0 d:/altera/13.0sp1/nios2eds/bin/gnu/h-i686-mingw32/bin/../lib/gcc/nios2-elf/4.1.2/mno-hw-mul\libgcc.a(lib2-mul.o)
 .bss           0x0100071c        0x0 d:/altera/13.0sp1/nios2eds/bin/gnu/h-i686-mingw32/bin/../lib/gcc/nios2-elf/4.1.2/../../../../nios2-elf/lib/mno-hw-mul\libsmallc.a(lib_a-memset.o)
 .bss           0x0100071c        0x0 ../uart_nios_parameters_bsp/\libhal_bsp.a(alt_getchar.o)
 .bss           0x0100071c        0x0 ../uart_nios_parameters_bsp/\libhal_bsp.a(alt_load.o)
 .bss           0x0100071c        0x0 ../uart_nios_parameters_bsp/\libhal_bsp.a(alt_main.o)
 .bss           0x0100071c        0x0 ../uart_nios_parameters_bsp/\libhal_bsp.a(alt_putstr.o)
 .bss           0x0100071c        0x0 ../uart_nios_parameters_bsp/\libhal_bsp.a(alt_usleep.o)
 .bss           0x0100071c        0x0 ../uart_nios_parameters_bsp/\libhal_bsp.a(alt_sys_init.o)
 .bss           0x0100071c        0x0 ../uart_nios_parameters_bsp/\libhal_bsp.a(altera_avalon_jtag_uart_read.o)
 .bss           0x0100071c        0x0 ../uart_nios_parameters_bsp/\libhal_bsp.a(altera_avalon_jtag_uart_write.o)
 .bss           0x0100071c        0x0 ../uart_nios_parameters_bsp/\libhal_bsp.a(alt_busy_sleep.o)
 .bss           0x0100071c        0x0 ../uart_nios_parameters_bsp/\libhal_bsp.a(alt_dcache_flush_all.o)
 .bss           0x0100071c        0x0 ../uart_nios_parameters_bsp/\libhal_bsp.a(alt_dev.o)
 .bss           0x0100071c        0x0 ../uart_nios_parameters_bsp/\libhal_bsp.a(alt_icache_flush_all.o)
 .bss           0x0100071c        0x0 ../uart_nios_parameters_bsp/\libhal_bsp.a(altera_nios2_qsys_irq.o)
 .bss           0x0100071c        0x0 d:/altera/13.0sp1/nios2eds/bin/gnu/h-i686-mingw32/bin/../lib/gcc/nios2-elf/4.1.2/../../../../nios2-elf/lib/mno-hw-mul\libsmallc.a(lib_a-strlen.o)
 .bss           0x0100071c        0x0 d:/altera/13.0sp1/nios2eds/bin/gnu/h-i686-mingw32/bin/../lib/gcc/nios2-elf/4.1.2/mno-hw-mul\libgcc.a(lib2-divmod.o)
 *(COMMON)
                0x0100071c                . = ALIGN (0x4)
                0x0100071c                __bss_end = ABSOLUTE (.)

.ONCHIP_RAM     0x0100071c        0x0
                0x0100071c                PROVIDE (_alt_partition_ONCHIP_RAM_start, ABSOLUTE (.))
 *(.ONCHIP_RAM. ONCHIP_RAM.*)
                0x0100071c                . = ALIGN (0x4)
                0x0100071c                PROVIDE (_alt_partition_ONCHIP_RAM_end, ABSOLUTE (.))
                0x0100071c                _end = ABSOLUTE (.)
                0x0100071c                end = ABSOLUTE (.)
                0x0100071c                __alt_stack_base = ABSOLUTE (.)
                0x0100071c                PROVIDE (_alt_partition_ONCHIP_RAM_load_addr, LOADADDR (.ONCHIP_RAM))

.stab
 *(.stab)

.stabstr
 *(.stabstr)

.stab.excl
 *(.stab.excl)

.stab.exclstr
 *(.stab.exclstr)

.stab.index
 *(.stab.index)

.stab.indexstr
 *(.stab.indexstr)

.comment        0x00000000       0x26
 *(.comment)
 .comment       0x00000000       0x26 obj/default/functions/my_atoi.o
                                 0x27 (size before relaxing)
 .comment       0x00000000       0x27 obj/default/main.o
 .comment       0x00000000       0x27 d:/altera/13.0sp1/nios2eds/bin/gnu/h-i686-mingw32/bin/../lib/gcc/nios2-elf/4.1.2/mno-hw-mul\libgcc.a(lib2-mul.o)
 .comment       0x00000000       0x27 d:/altera/13.0sp1/nios2eds/bin/gnu/h-i686-mingw32/bin/../lib/gcc/nios2-elf/4.1.2/../../../../nios2-elf/lib/mno-hw-mul\libsmallc.a(lib_a-memset.o)
 .comment       0x00000000       0x27 ../uart_nios_parameters_bsp/\libhal_bsp.a(alt_getchar.o)
 .comment       0x00000000       0x27 ../uart_nios_parameters_bsp/\libhal_bsp.a(alt_load.o)
 .comment       0x00000000       0x27 ../uart_nios_parameters_bsp/\libhal_bsp.a(alt_main.o)
 .comment       0x00000000       0x27 ../uart_nios_parameters_bsp/\libhal_bsp.a(alt_putstr.o)
 .comment       0x00000000       0x27 ../uart_nios_parameters_bsp/\libhal_bsp.a(alt_usleep.o)
 .comment       0x00000000       0x27 ../uart_nios_parameters_bsp/\libhal_bsp.a(alt_sys_init.o)
 .comment       0x00000000       0x27 ../uart_nios_parameters_bsp/\libhal_bsp.a(altera_avalon_jtag_uart_read.o)
 .comment       0x00000000       0x27 ../uart_nios_parameters_bsp/\libhal_bsp.a(altera_avalon_jtag_uart_write.o)
 .comment       0x00000000       0x27 ../uart_nios_parameters_bsp/\libhal_bsp.a(alt_busy_sleep.o)
 .comment       0x00000000       0x27 ../uart_nios_parameters_bsp/\libhal_bsp.a(alt_dcache_flush_all.o)
 .comment       0x00000000       0x27 ../uart_nios_parameters_bsp/\libhal_bsp.a(alt_dev.o)
 .comment       0x00000000       0x27 ../uart_nios_parameters_bsp/\libhal_bsp.a(alt_icache_flush_all.o)
 .comment       0x00000000       0x27 ../uart_nios_parameters_bsp/\libhal_bsp.a(altera_nios2_qsys_irq.o)
 .comment       0x00000000       0x27 d:/altera/13.0sp1/nios2eds/bin/gnu/h-i686-mingw32/bin/../lib/gcc/nios2-elf/4.1.2/../../../../nios2-elf/lib/mno-hw-mul\libsmallc.a(lib_a-strlen.o)
 .comment       0x00000000       0x27 d:/altera/13.0sp1/nios2eds/bin/gnu/h-i686-mingw32/bin/../lib/gcc/nios2-elf/4.1.2/mno-hw-mul\libgcc.a(lib2-divmod.o)

.debug
 *(.debug)

.line
 *(.line)

.debug_srcinfo
 *(.debug_srcinfo)

.debug_sfnames
 *(.debug_sfnames)

.debug_aranges  0x00000000      0x288
 *(.debug_aranges)
 .debug_aranges
                0x00000000       0x28 ../uart_nios_parameters_bsp//obj/HAL/src/crt0.o
 .debug_aranges
                0x00000028       0x20 obj/default/functions/my_atoi.o
 .debug_aranges
                0x00000048       0x20 obj/default/main.o
 .debug_aranges
                0x00000068       0x20 d:/altera/13.0sp1/nios2eds/bin/gnu/h-i686-mingw32/bin/../lib/gcc/nios2-elf/4.1.2/mno-hw-mul\libgcc.a(lib2-mul.o)
 .debug_aranges
                0x00000088       0x20 d:/altera/13.0sp1/nios2eds/bin/gnu/h-i686-mingw32/bin/../lib/gcc/nios2-elf/4.1.2/../../../../nios2-elf/lib/mno-hw-mul\libsmallc.a(lib_a-memset.o)
 .debug_aranges
                0x000000a8       0x20 ../uart_nios_parameters_bsp/\libhal_bsp.a(alt_getchar.o)
 .debug_aranges
                0x000000c8       0x20 ../uart_nios_parameters_bsp/\libhal_bsp.a(alt_load.o)
 .debug_aranges
                0x000000e8       0x20 ../uart_nios_parameters_bsp/\libhal_bsp.a(alt_main.o)
 .debug_aranges
                0x00000108       0x20 ../uart_nios_parameters_bsp/\libhal_bsp.a(alt_putstr.o)
 .debug_aranges
                0x00000128       0x20 ../uart_nios_parameters_bsp/\libhal_bsp.a(alt_usleep.o)
 .debug_aranges
                0x00000148       0x20 ../uart_nios_parameters_bsp/\libhal_bsp.a(alt_sys_init.o)
 .debug_aranges
                0x00000168       0x20 ../uart_nios_parameters_bsp/\libhal_bsp.a(altera_avalon_jtag_uart_read.o)
 .debug_aranges
                0x00000188       0x20 ../uart_nios_parameters_bsp/\libhal_bsp.a(altera_avalon_jtag_uart_write.o)
 .debug_aranges
                0x000001a8       0x20 ../uart_nios_parameters_bsp/\libhal_bsp.a(alt_busy_sleep.o)
 .debug_aranges
                0x000001c8       0x20 ../uart_nios_parameters_bsp/\libhal_bsp.a(alt_dcache_flush_all.o)
 .debug_aranges
                0x000001e8       0x20 ../uart_nios_parameters_bsp/\libhal_bsp.a(alt_dev.o)
 .debug_aranges
                0x00000208       0x20 ../uart_nios_parameters_bsp/\libhal_bsp.a(alt_icache_flush_all.o)
 .debug_aranges
                0x00000228       0x20 ../uart_nios_parameters_bsp/\libhal_bsp.a(altera_nios2_qsys_irq.o)
 .debug_aranges
                0x00000248       0x20 d:/altera/13.0sp1/nios2eds/bin/gnu/h-i686-mingw32/bin/../lib/gcc/nios2-elf/4.1.2/../../../../nios2-elf/lib/mno-hw-mul\libsmallc.a(lib_a-strlen.o)
 .debug_aranges
                0x00000268       0x20 d:/altera/13.0sp1/nios2eds/bin/gnu/h-i686-mingw32/bin/../lib/gcc/nios2-elf/4.1.2/mno-hw-mul\libgcc.a(lib2-divmod.o)

.debug_pubnames
                0x00000000      0x365
 *(.debug_pubnames)
 .debug_pubnames
                0x00000000       0x1e obj/default/functions/my_atoi.o
 .debug_pubnames
                0x0000001e       0x29 obj/default/main.o
 .debug_pubnames
                0x00000047       0x1f d:/altera/13.0sp1/nios2eds/bin/gnu/h-i686-mingw32/bin/../lib/gcc/nios2-elf/4.1.2/mno-hw-mul\libgcc.a(lib2-mul.o)
 .debug_pubnames
                0x00000066       0x1d d:/altera/13.0sp1/nios2eds/bin/gnu/h-i686-mingw32/bin/../lib/gcc/nios2-elf/4.1.2/../../../../nios2-elf/lib/mno-hw-mul\libsmallc.a(lib_a-memset.o)
 .debug_pubnames
                0x00000083       0x22 ../uart_nios_parameters_bsp/\libhal_bsp.a(alt_getchar.o)
 .debug_pubnames
                0x000000a5       0x1f ../uart_nios_parameters_bsp/\libhal_bsp.a(alt_load.o)
 .debug_pubnames
                0x000000c4       0x46 ../uart_nios_parameters_bsp/\libhal_bsp.a(alt_main.o)
 .debug_pubnames
                0x0000010a       0x21 ../uart_nios_parameters_bsp/\libhal_bsp.a(alt_putstr.o)
 .debug_pubnames
                0x0000012b       0x1d ../uart_nios_parameters_bsp/\libhal_bsp.a(alt_usleep.o)
 .debug_pubnames
                0x00000148       0x42 ../uart_nios_parameters_bsp/\libhal_bsp.a(alt_sys_init.o)
 .debug_pubnames
                0x0000018a       0x33 ../uart_nios_parameters_bsp/\libhal_bsp.a(altera_avalon_jtag_uart_read.o)
 .debug_pubnames
                0x000001bd       0x34 ../uart_nios_parameters_bsp/\libhal_bsp.a(altera_avalon_jtag_uart_write.o)
 .debug_pubnames
                0x000001f1       0x25 ../uart_nios_parameters_bsp/\libhal_bsp.a(alt_busy_sleep.o)
 .debug_pubnames
                0x00000216       0x2b ../uart_nios_parameters_bsp/\libhal_bsp.a(alt_dcache_flush_all.o)
 .debug_pubnames
                0x00000241       0x63 ../uart_nios_parameters_bsp/\libhal_bsp.a(alt_dev.o)
 .debug_pubnames
                0x000002a4       0x2b ../uart_nios_parameters_bsp/\libhal_bsp.a(alt_icache_flush_all.o)
 .debug_pubnames
                0x000002cf       0x31 ../uart_nios_parameters_bsp/\libhal_bsp.a(altera_nios2_qsys_irq.o)
 .debug_pubnames
                0x00000300       0x1d d:/altera/13.0sp1/nios2eds/bin/gnu/h-i686-mingw32/bin/../lib/gcc/nios2-elf/4.1.2/../../../../nios2-elf/lib/mno-hw-mul\libsmallc.a(lib_a-strlen.o)
 .debug_pubnames
                0x0000031d       0x48 d:/altera/13.0sp1/nios2eds/bin/gnu/h-i686-mingw32/bin/../lib/gcc/nios2-elf/4.1.2/mno-hw-mul\libgcc.a(lib2-divmod.o)

.debug_info     0x00000000     0x19a7
 *(.debug_info .gnu.linkonce.wi.*)
 .debug_info    0x00000000       0x8a ../uart_nios_parameters_bsp//obj/HAL/src/crt0.o
 .debug_info    0x0000008a       0x7f obj/default/functions/my_atoi.o
 .debug_info    0x00000109      0x10b obj/default/main.o
 .debug_info    0x00000214       0xf3 d:/altera/13.0sp1/nios2eds/bin/gnu/h-i686-mingw32/bin/../lib/gcc/nios2-elf/4.1.2/mno-hw-mul\libgcc.a(lib2-mul.o)
 .debug_info    0x00000307       0xd7 d:/altera/13.0sp1/nios2eds/bin/gnu/h-i686-mingw32/bin/../lib/gcc/nios2-elf/4.1.2/../../../../nios2-elf/lib/mno-hw-mul\libsmallc.a(lib_a-memset.o)
 .debug_info    0x000003de      0x300 ../uart_nios_parameters_bsp/\libhal_bsp.a(alt_getchar.o)
 .debug_info    0x000006de      0x12e ../uart_nios_parameters_bsp/\libhal_bsp.a(alt_load.o)
 .debug_info    0x0000080c      0x125 ../uart_nios_parameters_bsp/\libhal_bsp.a(alt_main.o)
 .debug_info    0x00000931       0xc5 ../uart_nios_parameters_bsp/\libhal_bsp.a(alt_putstr.o)
 .debug_info    0x000009f6       0xab ../uart_nios_parameters_bsp/\libhal_bsp.a(alt_usleep.o)
 .debug_info    0x00000aa1      0x199 ../uart_nios_parameters_bsp/\libhal_bsp.a(alt_sys_init.o)
 .debug_info    0x00000c3a      0x1ac ../uart_nios_parameters_bsp/\libhal_bsp.a(altera_avalon_jtag_uart_read.o)
 .debug_info    0x00000de6      0x18f ../uart_nios_parameters_bsp/\libhal_bsp.a(altera_avalon_jtag_uart_write.o)
 .debug_info    0x00000f75       0xd0 ../uart_nios_parameters_bsp/\libhal_bsp.a(alt_busy_sleep.o)
 .debug_info    0x00001045       0x8d ../uart_nios_parameters_bsp/\libhal_bsp.a(alt_dcache_flush_all.o)
 .debug_info    0x000010d2      0x4dd ../uart_nios_parameters_bsp/\libhal_bsp.a(alt_dev.o)
 .debug_info    0x000015af       0x8d ../uart_nios_parameters_bsp/\libhal_bsp.a(alt_icache_flush_all.o)
 .debug_info    0x0000163c       0x8d ../uart_nios_parameters_bsp/\libhal_bsp.a(altera_nios2_qsys_irq.o)
 .debug_info    0x000016c9       0xc2 d:/altera/13.0sp1/nios2eds/bin/gnu/h-i686-mingw32/bin/../lib/gcc/nios2-elf/4.1.2/../../../../nios2-elf/lib/mno-hw-mul\libsmallc.a(lib_a-strlen.o)
 .debug_info    0x0000178b      0x21c d:/altera/13.0sp1/nios2eds/bin/gnu/h-i686-mingw32/bin/../lib/gcc/nios2-elf/4.1.2/mno-hw-mul\libgcc.a(lib2-divmod.o)

.debug_abbrev   0x00000000      0xb64
 *(.debug_abbrev)
 .debug_abbrev  0x00000000       0x12 ../uart_nios_parameters_bsp//obj/HAL/src/crt0.o
 .debug_abbrev  0x00000012       0x77 obj/default/functions/my_atoi.o
 .debug_abbrev  0x00000089       0xb2 obj/default/main.o
 .debug_abbrev  0x0000013b       0x7b d:/altera/13.0sp1/nios2eds/bin/gnu/h-i686-mingw32/bin/../lib/gcc/nios2-elf/4.1.2/mno-hw-mul\libgcc.a(lib2-mul.o)
 .debug_abbrev  0x000001b6       0x8b d:/altera/13.0sp1/nios2eds/bin/gnu/h-i686-mingw32/bin/../lib/gcc/nios2-elf/4.1.2/../../../../nios2-elf/lib/mno-hw-mul\libsmallc.a(lib_a-memset.o)
 .debug_abbrev  0x00000241       0xdd ../uart_nios_parameters_bsp/\libhal_bsp.a(alt_getchar.o)
 .debug_abbrev  0x0000031e       0x97 ../uart_nios_parameters_bsp/\libhal_bsp.a(alt_load.o)
 .debug_abbrev  0x000003b5       0xa6 ../uart_nios_parameters_bsp/\libhal_bsp.a(alt_main.o)
 .debug_abbrev  0x0000045b       0x7c ../uart_nios_parameters_bsp/\libhal_bsp.a(alt_putstr.o)
 .debug_abbrev  0x000004d7       0x5d ../uart_nios_parameters_bsp/\libhal_bsp.a(alt_usleep.o)
 .debug_abbrev  0x00000534       0xea ../uart_nios_parameters_bsp/\libhal_bsp.a(alt_sys_init.o)
 .debug_abbrev  0x0000061e       0xf0 ../uart_nios_parameters_bsp/\libhal_bsp.a(altera_avalon_jtag_uart_read.o)
 .debug_abbrev  0x0000070e       0xf0 ../uart_nios_parameters_bsp/\libhal_bsp.a(altera_avalon_jtag_uart_write.o)
 .debug_abbrev  0x000007fe       0x79 ../uart_nios_parameters_bsp/\libhal_bsp.a(alt_busy_sleep.o)
 .debug_abbrev  0x00000877       0x3f ../uart_nios_parameters_bsp/\libhal_bsp.a(alt_dcache_flush_all.o)
 .debug_abbrev  0x000008b6       0xd6 ../uart_nios_parameters_bsp/\libhal_bsp.a(alt_dev.o)
 .debug_abbrev  0x0000098c       0x3f ../uart_nios_parameters_bsp/\libhal_bsp.a(alt_icache_flush_all.o)
 .debug_abbrev  0x000009cb       0x3f ../uart_nios_parameters_bsp/\libhal_bsp.a(altera_nios2_qsys_irq.o)
 .debug_abbrev  0x00000a0a       0x7a d:/altera/13.0sp1/nios2eds/bin/gnu/h-i686-mingw32/bin/../lib/gcc/nios2-elf/4.1.2/../../../../nios2-elf/lib/mno-hw-mul\libsmallc.a(lib_a-strlen.o)
 .debug_abbrev  0x00000a84       0xe0 d:/altera/13.0sp1/nios2eds/bin/gnu/h-i686-mingw32/bin/../lib/gcc/nios2-elf/4.1.2/mno-hw-mul\libgcc.a(lib2-divmod.o)

.debug_line     0x00000000     0x29d8
 *(.debug_line)
 .debug_line    0x00000000       0x66 ../uart_nios_parameters_bsp//obj/HAL/src/crt0.o
 .debug_line    0x00000066       0xef obj/default/functions/my_atoi.o
 .debug_line    0x00000155      0x2ce obj/default/main.o
 .debug_line    0x00000423      0x11a d:/altera/13.0sp1/nios2eds/bin/gnu/h-i686-mingw32/bin/../lib/gcc/nios2-elf/4.1.2/mno-hw-mul\libgcc.a(lib2-mul.o)
 .debug_line    0x0000053d      0x258 d:/altera/13.0sp1/nios2eds/bin/gnu/h-i686-mingw32/bin/../lib/gcc/nios2-elf/4.1.2/../../../../nios2-elf/lib/mno-hw-mul\libsmallc.a(lib_a-memset.o)
 .debug_line    0x00000795      0x258 ../uart_nios_parameters_bsp/\libhal_bsp.a(alt_getchar.o)
 .debug_line    0x000009ed      0x217 ../uart_nios_parameters_bsp/\libhal_bsp.a(alt_load.o)
 .debug_line    0x00000c04      0x2c2 ../uart_nios_parameters_bsp/\libhal_bsp.a(alt_main.o)
 .debug_line    0x00000ec6      0x1d9 ../uart_nios_parameters_bsp/\libhal_bsp.a(alt_putstr.o)
 .debug_line    0x0000109f      0x202 ../uart_nios_parameters_bsp/\libhal_bsp.a(alt_usleep.o)
 .debug_line    0x000012a1      0x29f ../uart_nios_parameters_bsp/\libhal_bsp.a(alt_sys_init.o)
 .debug_line    0x00001540      0x323 ../uart_nios_parameters_bsp/\libhal_bsp.a(altera_avalon_jtag_uart_read.o)
 .debug_line    0x00001863      0x2f4 ../uart_nios_parameters_bsp/\libhal_bsp.a(altera_avalon_jtag_uart_write.o)
 .debug_line    0x00001b57      0x25e ../uart_nios_parameters_bsp/\libhal_bsp.a(alt_busy_sleep.o)
 .debug_line    0x00001db5      0x1b5 ../uart_nios_parameters_bsp/\libhal_bsp.a(alt_dcache_flush_all.o)
 .debug_line    0x00001f6a      0x24c ../uart_nios_parameters_bsp/\libhal_bsp.a(alt_dev.o)
 .debug_line    0x000021b6      0x1b5 ../uart_nios_parameters_bsp/\libhal_bsp.a(alt_icache_flush_all.o)
 .debug_line    0x0000236b      0x1ce ../uart_nios_parameters_bsp/\libhal_bsp.a(altera_nios2_qsys_irq.o)
 .debug_line    0x00002539      0x250 d:/altera/13.0sp1/nios2eds/bin/gnu/h-i686-mingw32/bin/../lib/gcc/nios2-elf/4.1.2/../../../../nios2-elf/lib/mno-hw-mul\libsmallc.a(lib_a-strlen.o)
 .debug_line    0x00002789      0x24f d:/altera/13.0sp1/nios2eds/bin/gnu/h-i686-mingw32/bin/../lib/gcc/nios2-elf/4.1.2/mno-hw-mul\libgcc.a(lib2-divmod.o)

.debug_frame    0x00000000      0x32c
 *(.debug_frame)
 .debug_frame   0x00000000       0x2c obj/default/functions/my_atoi.o
 .debug_frame   0x0000002c       0x40 obj/default/main.o
 .debug_frame   0x0000006c       0x20 d:/altera/13.0sp1/nios2eds/bin/gnu/h-i686-mingw32/bin/../lib/gcc/nios2-elf/4.1.2/mno-hw-mul\libgcc.a(lib2-mul.o)
 .debug_frame   0x0000008c       0x20 d:/altera/13.0sp1/nios2eds/bin/gnu/h-i686-mingw32/bin/../lib/gcc/nios2-elf/4.1.2/../../../../nios2-elf/lib/mno-hw-mul\libsmallc.a(lib_a-memset.o)
 .debug_frame   0x000000ac       0x28 ../uart_nios_parameters_bsp/\libhal_bsp.a(alt_getchar.o)
 .debug_frame   0x000000d4       0x38 ../uart_nios_parameters_bsp/\libhal_bsp.a(alt_load.o)
 .debug_frame   0x0000010c       0x28 ../uart_nios_parameters_bsp/\libhal_bsp.a(alt_main.o)
 .debug_frame   0x00000134       0x28 ../uart_nios_parameters_bsp/\libhal_bsp.a(alt_putstr.o)
 .debug_frame   0x0000015c       0x20 ../uart_nios_parameters_bsp/\libhal_bsp.a(alt_usleep.o)
 .debug_frame   0x0000017c       0x38 ../uart_nios_parameters_bsp/\libhal_bsp.a(alt_sys_init.o)
 .debug_frame   0x000001b4       0x20 ../uart_nios_parameters_bsp/\libhal_bsp.a(altera_avalon_jtag_uart_read.o)
 .debug_frame   0x000001d4       0x20 ../uart_nios_parameters_bsp/\libhal_bsp.a(altera_avalon_jtag_uart_write.o)
 .debug_frame   0x000001f4       0x28 ../uart_nios_parameters_bsp/\libhal_bsp.a(alt_busy_sleep.o)
 .debug_frame   0x0000021c       0x20 ../uart_nios_parameters_bsp/\libhal_bsp.a(alt_dcache_flush_all.o)
 .debug_frame   0x0000023c       0x20 ../uart_nios_parameters_bsp/\libhal_bsp.a(alt_dev.o)
 .debug_frame   0x0000025c       0x20 ../uart_nios_parameters_bsp/\libhal_bsp.a(alt_icache_flush_all.o)
 .debug_frame   0x0000027c       0x20 ../uart_nios_parameters_bsp/\libhal_bsp.a(altera_nios2_qsys_irq.o)
 .debug_frame   0x0000029c       0x20 d:/altera/13.0sp1/nios2eds/bin/gnu/h-i686-mingw32/bin/../lib/gcc/nios2-elf/4.1.2/../../../../nios2-elf/lib/mno-hw-mul\libsmallc.a(lib_a-strlen.o)
 .debug_frame   0x000002bc       0x70 d:/altera/13.0sp1/nios2eds/bin/gnu/h-i686-mingw32/bin/../lib/gcc/nios2-elf/4.1.2/mno-hw-mul\libgcc.a(lib2-divmod.o)

.debug_str      0x00000000      0x98d
 *(.debug_str)
 .debug_str     0x00000000       0x7d obj/default/functions/my_atoi.o
                                 0x82 (size before relaxing)
 .debug_str     0x0000007d       0x82 obj/default/main.o
                                0x128 (size before relaxing)
 .debug_str     0x000000ff       0xcc d:/altera/13.0sp1/nios2eds/bin/gnu/h-i686-mingw32/bin/../lib/gcc/nios2-elf/4.1.2/mno-hw-mul\libgcc.a(lib2-mul.o)
                                0x175 (size before relaxing)
 .debug_str     0x000001cb       0xe9 d:/altera/13.0sp1/nios2eds/bin/gnu/h-i686-mingw32/bin/../lib/gcc/nios2-elf/4.1.2/../../../../nios2-elf/lib/mno-hw-mul\libsmallc.a(lib_a-memset.o)
                                0x17e (size before relaxing)
 .debug_str     0x000002b4      0x13b ../uart_nios_parameters_bsp/\libhal_bsp.a(alt_getchar.o)
                                0x1e6 (size before relaxing)
 .debug_str     0x000003ef       0xf1 ../uart_nios_parameters_bsp/\libhal_bsp.a(alt_load.o)
                                0x1df (size before relaxing)
 .debug_str     0x000004e0       0x44 ../uart_nios_parameters_bsp/\libhal_bsp.a(alt_main.o)
                                0x163 (size before relaxing)
 .debug_str     0x00000524       0x20 ../uart_nios_parameters_bsp/\libhal_bsp.a(alt_putstr.o)
                                0x138 (size before relaxing)
 .debug_str     0x00000544       0x27 ../uart_nios_parameters_bsp/\libhal_bsp.a(alt_usleep.o)
                                0x115 (size before relaxing)
 .debug_str     0x0000056b       0xb8 ../uart_nios_parameters_bsp/\libhal_bsp.a(alt_sys_init.o)
                                0x20e (size before relaxing)
 .debug_str     0x00000623       0x5a ../uart_nios_parameters_bsp/\libhal_bsp.a(altera_avalon_jtag_uart_read.o)
                                0x1e5 (size before relaxing)
 .debug_str     0x0000067d       0x50 ../uart_nios_parameters_bsp/\libhal_bsp.a(altera_avalon_jtag_uart_write.o)
                                0x1db (size before relaxing)
 .debug_str     0x000006cd       0x42 ../uart_nios_parameters_bsp/\libhal_bsp.a(alt_busy_sleep.o)
                                0x138 (size before relaxing)
 .debug_str     0x0000070f       0x34 ../uart_nios_parameters_bsp/\libhal_bsp.a(alt_dcache_flush_all.o)
                                0x122 (size before relaxing)
 .debug_str     0x00000743      0x120 ../uart_nios_parameters_bsp/\libhal_bsp.a(alt_dev.o)
                                0x2d2 (size before relaxing)
 .debug_str     0x00000863       0x34 ../uart_nios_parameters_bsp/\libhal_bsp.a(alt_icache_flush_all.o)
                                0x122 (size before relaxing)
 .debug_str     0x00000897       0x3b ../uart_nios_parameters_bsp/\libhal_bsp.a(altera_nios2_qsys_irq.o)
                                0x129 (size before relaxing)
 .debug_str     0x000008d2       0x45 d:/altera/13.0sp1/nios2eds/bin/gnu/h-i686-mingw32/bin/../lib/gcc/nios2-elf/4.1.2/../../../../nios2-elf/lib/mno-hw-mul\libsmallc.a(lib_a-strlen.o)
                                0x184 (size before relaxing)
 .debug_str     0x00000917       0x76 d:/altera/13.0sp1/nios2eds/bin/gnu/h-i686-mingw32/bin/../lib/gcc/nios2-elf/4.1.2/mno-hw-mul\libgcc.a(lib2-divmod.o)
                                0x1b4 (size before relaxing)

.debug_loc      0x00000000      0x4ec
 *(.debug_loc)
 .debug_loc     0x00000000       0x71 obj/default/functions/my_atoi.o
 .debug_loc     0x00000071       0x5c obj/default/main.o
 .debug_loc     0x000000cd       0x4f d:/altera/13.0sp1/nios2eds/bin/gnu/h-i686-mingw32/bin/../lib/gcc/nios2-elf/4.1.2/mno-hw-mul\libgcc.a(lib2-mul.o)
 .debug_loc     0x0000011c       0x4f d:/altera/13.0sp1/nios2eds/bin/gnu/h-i686-mingw32/bin/../lib/gcc/nios2-elf/4.1.2/../../../../nios2-elf/lib/mno-hw-mul\libsmallc.a(lib_a-memset.o)
 .debug_loc     0x0000016b       0x1f ../uart_nios_parameters_bsp/\libhal_bsp.a(alt_getchar.o)
 .debug_loc     0x0000018a       0x1f ../uart_nios_parameters_bsp/\libhal_bsp.a(alt_load.o)
 .debug_loc     0x000001a9       0x1f ../uart_nios_parameters_bsp/\libhal_bsp.a(alt_main.o)
 .debug_loc     0x000001c8       0x48 ../uart_nios_parameters_bsp/\libhal_bsp.a(alt_putstr.o)
 .debug_loc     0x00000210       0x13 ../uart_nios_parameters_bsp/\libhal_bsp.a(alt_usleep.o)
 .debug_loc     0x00000223       0x32 ../uart_nios_parameters_bsp/\libhal_bsp.a(alt_sys_init.o)
 .debug_loc     0x00000255       0x31 ../uart_nios_parameters_bsp/\libhal_bsp.a(altera_avalon_jtag_uart_read.o)
 .debug_loc     0x00000286       0x26 ../uart_nios_parameters_bsp/\libhal_bsp.a(altera_avalon_jtag_uart_write.o)
 .debug_loc     0x000002ac       0x50 ../uart_nios_parameters_bsp/\libhal_bsp.a(alt_busy_sleep.o)
 .debug_loc     0x000002fc       0x1e d:/altera/13.0sp1/nios2eds/bin/gnu/h-i686-mingw32/bin/../lib/gcc/nios2-elf/4.1.2/../../../../nios2-elf/lib/mno-hw-mul\libsmallc.a(lib_a-strlen.o)
 .debug_loc     0x0000031a      0x1d2 d:/altera/13.0sp1/nios2eds/bin/gnu/h-i686-mingw32/bin/../lib/gcc/nios2-elf/4.1.2/mno-hw-mul\libgcc.a(lib2-divmod.o)

.debug_macinfo
 *(.debug_macinfo)

.debug_weaknames
 *(.debug_weaknames)

.debug_funcnames
 *(.debug_funcnames)

.debug_typenames
 *(.debug_typenames)

.debug_varnames
 *(.debug_varnames)

.debug_alt_sim_info
                0x00000000       0x40
 *(.debug_alt_sim_info)
 .debug_alt_sim_info
                0x00000000       0x10 ../uart_nios_parameters_bsp//obj/HAL/src/crt0.o
 .debug_alt_sim_info
                0x00000010       0x30 ../uart_nios_parameters_bsp/\libhal_bsp.a(alt_busy_sleep.o)
                0x01001000                __alt_data_end = 0x1001000
                0x01001000                PROVIDE (__alt_stack_pointer, __alt_data_end)
                0x0100071c                PROVIDE (__alt_stack_limit, __alt_stack_base)
                0x0100071c                PROVIDE (__alt_heap_start, end)
                0x01001000                PROVIDE (__alt_heap_limit, 0x1001000)
OUTPUT(uart_nios_parameters.elf elf32-littlenios2)

.debug_ranges   0x00000000       0x20
 .debug_ranges  0x00000000       0x20 ../uart_nios_parameters_bsp//obj/HAL/src/crt0.o
